// Jest Snapshot v1, https://goo.gl/fbAQLP

exports[`FileExtensionCalculator getFileExtensionDistribution should get correct relative distribution of file-extensions with for metric 1`] = `
Object {
  "RLOC": Array [
    Object {
      "absoluteMetricValue": 162,
      "color": null,
      "fileExtension": "java",
      "relativeMetricValue": 42.97082228116711,
    },
    Object {
      "absoluteMetricValue": 130,
      "color": null,
      "fileExtension": "jpg",
      "relativeMetricValue": 34.48275862068966,
    },
    Object {
      "absoluteMetricValue": 70,
      "color": null,
      "fileExtension": "json",
      "relativeMetricValue": 18.56763925729443,
    },
    Object {
      "absoluteMetricValue": 15,
      "color": null,
      "fileExtension": "None",
      "relativeMetricValue": 3.978779840848806,
    },
  ],
}
`;
