// Jest Snapshot v1, https://goo.gl/fbAQLP

exports[`mapBuilder createCodeMapFromHashMap 1`] = `
Object {
  "attributes": Object {},
  "children": Array [
    Object {
      "attributes": Object {
        "functions": 10,
        "mcc": 1,
        "rloc": 100,
      },
      "children": Array [],
      "isBlacklisted": undefined,
      "link": "http://www.google.de",
      "name": "big leaf",
      "path": "/root/big leaf",
      "type": "File",
    },
    Object {
      "attributes": Object {},
      "children": Array [
        Object {
          "attributes": Object {
            "functions": 100,
            "mcc": 100,
            "rloc": 30,
          },
          "children": Array [],
          "isBlacklisted": undefined,
          "name": "small leaf",
          "path": "/root/Parent Leaf/small leaf",
          "type": "File",
        },
        Object {
          "attributes": Object {},
          "children": Array [],
          "isBlacklisted": undefined,
          "name": "empty folder",
          "path": "/root/Parent Leaf/empty folder",
          "type": "Folder",
        },
        Object {
          "attributes": Object {
            "functions": 1000,
            "mcc": 10,
            "rloc": 70,
          },
          "children": Array [],
          "isBlacklisted": undefined,
          "name": "other small leaf",
          "path": "/root/Parent Leaf/other small leaf",
          "type": "File",
        },
      ],
      "isBlacklisted": undefined,
      "name": "Parent Leaf",
      "path": "/root/Parent Leaf",
      "type": "Folder",
    },
  ],
  "isBlacklisted": undefined,
  "name": "root",
  "path": "/root",
  "type": "Folder",
}
`;
