// Jest Snapshot v1, https://goo.gl/fbAQLP

exports[`UsageDataTracker trackMetaUsageData should track files with multiple programming languages properly 1`] = `"{\\"mapId\\":\\"invalid-md5-sample-checksum\\",\\"codeChartaApiVersion\\":\\"1.1\\",\\"creationTime\\":1612369999999,\\"exportedFileSizeInBytes\\":999,\\"statisticsPerLanguage\\":{\\"ts\\":{\\"metrics\\":{\\"rloc\\":{\\"avg\\":66.66666666666667,\\"max\\":100,\\"median\\":70,\\"min\\":30,\\"numberOfFiles\\":3,\\"totalSum\\":200},\\"functions\\":{\\"avg\\":370,\\"max\\":1000,\\"median\\":100,\\"min\\":10,\\"numberOfFiles\\":3,\\"totalSum\\":1110},\\"mcc\\":{\\"avg\\":37,\\"max\\":100,\\"median\\":10,\\"min\\":1,\\"numberOfFiles\\":3,\\"totalSum\\":111}},\\"numberOfFiles\\":3,\\"maxFilePathDepth\\":4,\\"avgFilePathDepth\\":3.6666666666666665},\\"java\\":{\\"metrics\\":{\\"rloc\\":{\\"avg\\":55,\\"max\\":100,\\"median\\":50,\\"min\\":20,\\"numberOfFiles\\":4,\\"totalSum\\":220},\\"functions\\":{\\"avg\\":280,\\"max\\":1000,\\"median\\":55,\\"min\\":10,\\"numberOfFiles\\":4,\\"totalSum\\":1120},\\"mcc\\":{\\"avg\\":28.25,\\"max\\":100,\\"median\\":6,\\"min\\":1,\\"numberOfFiles\\":4,\\"totalSum\\":113}},\\"numberOfFiles\\":4,\\"maxFilePathDepth\\":4,\\"avgFilePathDepth\\":3.75}}}"`;
